2427
:sunrise:=🌅
:prince_tone5:=🤴🏿
:motorboat:=🛥
:man_student_tone3:=👨🏽‍🎓
:man_student_tone4:=👨🏾‍🎓
:construction_worker_tone5:=👷🏿
:woman_cook_tone3:=👩🏽‍🍳
:man_running_tone5:=🏃🏿‍♂️
:water_buffalo:=🐃
:sandal:=👡
:blond_haired_person_tone4:=👱🏾
:nose_tone1:=👃🏻
:prince_tone1:=🤴🏻
:man_scientist_tone2:=👨🏼‍🔬
:flag_dz:=🇩🇿
:baby_symbol:=🚼
:white_medium_square:=◻
:mosque:=🕌
:cricket:=🏏
:person_raising_hand_tone1:=🙋🏻
:man_pilot_tone1:=👨🏻‍✈️
:urn:=⚱
:clock10:=🕙
:mount_fuji:=🗻
:man_swimming_tone1:=🏊🏻‍♂️
:dagger:=🗡
:man_judge_tone4:=👨🏾‍⚖️
:clock830:=🕣
:eagle:=🦅
:person_pouting_tone4:=🙎🏾
:bell:=🔔
:princess_tone1:=👸🏻
:flag_tr:=🇹🇷
:flag_dk:=🇩🇰
:person_playing_water_polo:=🤽
:person_bouncing_ball_tone1:=⛹🏻
:sushi:=🍣
:selfie_tone2:=🤳🏼
:baby_tone5:=👶🏿
:person_rowing_boat:=🚣
:guard_tone2:=💂🏼
:no_bell:=🔕
:ballot_box:=🗳
:hamster:=🐹
:neutral_face:=😐
:woman_pilot_tone3:=👩🏽‍✈️
:tea:=🍵
:woman_mountain_biking_tone3:=🚵🏽‍♀️
:woman_bowing_tone2:=🙇🏼‍♀️
:raised_back_of_hand_tone3:=🤚🏽
:flag_cy:=🇨🇾
:athletic_shoe:=👟
:metal_tone5:=🤘🏿
:night_with_stars:=🌃
:speech_balloon:=💬
:man_cook_tone5:=👨🏿‍🍳
:lemon:=🍋
:flashlight:=🔦
:fearful:=😨
:man_guard:=💂‍♂️
:man_getting_haircut_tone5:=💇🏿‍♂️
:bike:=🚲
:man_student:=👨‍🎓
:flag_je:=🇯🇪
:rice_ball:=🍙
:train2:=🚆
:family:=👪
:cake:=🍰
:flag_il:=🇮🇱
:mrs_claus_tone1:=🤶🏻
:couple_with_heart:=💑
:exclamation:=❗
:flag_nc:=🇳🇨
:pregnant_woman_tone2:=🤰🏼
:man_raising_hand:=🙋‍♂️
:fire_engine:=🚒
:rewind:=⏪
:peace:=☮
:shower:=🚿
:smile:=😄
:fax:=📠
:dancer_tone4:=💃🏾
:person_playing_water_polo_tone4:=🤽🏾
:carousel_horse:=🎠
:coffee:=☕
:bat:=🦇
:woman_office_worker:=👩‍💼
:zipper_mouth:=🤐
:flag_mv:=🇲🇻
:dog2:=🐕
:metal_tone3:=🤘🏽
:flag_fj:=🇫🇯
:flag_fi:=🇫🇮
:rose:=🌹
:boy_tone4:=👦🏾
:man_teacher_tone2:=👨🏼‍🏫
:french_bread:=🥖
:person_swimming:=🏊
:nail_care_tone4:=💅🏾
:woman_getting_haircut_tone2:=💇🏼‍♀️
:asterisk:=*️⃣
:point_up_2_tone4:=👆🏾
:person_biking_tone5:=🚴🏿
:paperclip:=📎
:timer:=⏲
:briefcase:=💼
:woman_artist_tone1:=👩🏻‍🎨
:woman_construction_worker_tone1:=👷🏻‍♀️
:raised_back_of_hand_tone5:=🤚🏿
:raised_back_of_hand:=🤚
:seedling:=🌱
:man_detective_tone4:=🕵🏾‍♂️
:person_walking_tone2:=🚶🏼
:tokyo_tower:=🗼
:woman_pilot_tone5:=👩🏿‍✈️
:film_frames:=🎞
:right_facing_fist_tone1:=🤜🏻
:heavy_multiplication_x:=✖
:door:=🚪
:call_me_tone5:=🤙🏿
:muscle_tone5:=💪🏿
:mailbox_closed:=📪
:u7981:=🈲
:slot_machine:=🎰
:woman_bowing:=🙇‍♀️
:flag_tj:=🇹🇯
:flag_va:=🇻🇦
:woman_gesturing_no_tone1:=🙅🏻‍♀️
:detective_tone1:=🕵🏻
:middle_finger_tone1:=🖕🏻
:ear:=👂
:family_woman_boy_boy:=👩‍👦‍👦
:man_frowning_tone3:=🙍🏽‍♂️
:flag_mc:=🇲🇨
:person_running_tone2:=🏃🏼
:feet:=🐾
:fingers_crossed_tone2:=🤞🏼
:point_up_tone3:=☝🏽
:eyes:=👀
:man_technologist_tone1:=👨🏻‍💻
:woman_wearing_turban_tone3:=👳🏽‍♀️
:full_moon:=🌕
:end:=🔚
:flag_cg:=🇨🇬
:man_teacher_tone5:=👨🏿‍🏫
:clock3:=🕒
:woman_firefighter_tone4:=👩🏾‍🚒
:flag_ga:=🇬🇦
:clock1130:=🕦
:snake:=🐍
:drum:=🥁
:capital_abcd:=🔠
:woman_student_tone4:=👩🏾‍🎓
:vs:=🆚
:man_cook_tone1:=👨🏻‍🍳
:card_box:=🗃
:triumph:=😤
:woman_guard:=💂‍♀️
:flag_bb:=🇧🇧
:lips:=👄
:call_me_tone4:=🤙🏾
:person_playing_water_polo_tone5:=🤽🏿
:satellite_orbital:=🛰
:hourglass:=⌛
:fallen_leaf:=🍂
:black_medium_square:=◼
:shinto_shrine:=⛩
:man_facepalming:=🤦‍♂️
:woman_frowning_tone1:=🙍🏻‍♀️
:bug:=🐛
:no_bicycles:=🚳
:credit_card:=💳
:bullettrain_front:=🚅
:prince_tone2:=🤴🏼
:goat:=🐐
:woman_astronaut_tone4:=👩🏾‍🚀
:horse_racing:=🏇
:regional_indicator_z:=🇿
:person_tipping_hand_tone2:=💁🏼
:flag_md:=🇲🇩
:middle_finger:=🖕
:angry:=😠
:asterisk_symbol:=*️
:person_golfing_tone5:=🏌🏿
:man_gesturing_no_tone1:=🙅🏻‍♂️
:woman_cartwheeling:=🤸‍♀️
:man_gesturing_no_tone3:=🙅🏽‍♂️
:white_medium_small_square:=◽
:woman_bouncing_ball_tone4:=⛹🏾‍♀️
:flag_la:=🇱🇦
:signal_strength:=📶
:man_guard_tone3:=💂🏽‍♂️
:shark:=🦈
:woman_farmer_tone5:=👩🏿‍🌾
:woman_technologist_tone5:=👩🏿‍💻
:octagonal_sign:=🛑
:sparkler:=🎇
:vulcan_tone1:=🖖🏻
:toilet:=🚽
:woman_surfing_tone2:=🏄🏼‍♀️
:man_astronaut:=👨‍🚀
:heart_eyes_cat:=😻
:flag_ge:=🇬🇪
:flag_my:=🇲🇾
:person_tipping_hand:=💁
:passport_control:=🛂
:sake:=🍶
:woman_wearing_turban_tone4:=👳🏾‍♀️
:flag_pn:=🇵🇳
:red_car:=🚗
:flag_mo:=🇲🇴
:bride_with_veil_tone2:=👰🏼
:selfie_tone1:=🤳🏻
:man_walking:=🚶‍♂️
:abcd:=🔡
:gift:=🎁
:woman_tone3:=👩🏽
:woman_raising_hand_tone4:=🙋🏾‍♀️
:flag_xk:=🇽🇰
:thumbsdown:=👎
:salad:=🥗
:person_lifting_weights_tone5:=🏋🏿
:guard_tone4:=💂🏾
:ice_skate:=⛸
:post_office:=🏣
:man_running_tone3:=🏃🏽‍♂️
:hospital:=🏥
:flag_do:=🇩🇴
:woman_rowing_boat_tone5:=🚣🏿‍♀️
:person_facepalming_tone5:=🤦🏿
:man_tipping_hand_tone2:=💁🏼‍♂️
:flag_lk:=🇱🇰
:man_construction_worker:=👷‍♂️
:bookmark:=🔖
:smiley_cat:=😺
:woman_guard_tone1:=💂🏻‍♀️
:right_facing_fist_tone5:=🤜🏿
:clap_tone4:=👏🏾
:man_with_chinese_cap_tone1:=👲🏻
:jack_o_lantern:=🎃
:raised_hands_tone5:=🙌🏿
:open_hands_tone1:=👐🏻
:person_biking_tone3:=🚴🏽
:small_orange_diamond:=🔸
:female_sign:=♀
:angel_tone5:=👼🏿
:black_nib:=✒
:person_surfing_tone5:=🏄🏿
:santa:=🎅
:man_lifting_weights:=🏋️‍♂️
:woman_shrugging_tone4:=🤷🏾‍♀️
:heart_decoration:=💟
:point_left_tone1:=👈🏻
:owl:=🦉
:v_tone5:=✌🏿
:muscle_tone1:=💪🏻
:zap:=⚡
:man_with_chinese_cap_tone3:=👲🏽
:middle_finger_tone4:=🖕🏾
:cd:=💿
:man_singer_tone4:=👨🏾‍🎤
:grin:=😁
:flag_kw:=🇰🇼
:man_mechanic_tone5:=👨🏿‍🔧
:closed_umbrella:=🌂
:nose_tone3:=👃🏽
:amphora:=🏺
:person_doing_cartwheel_tone4:=🤸🏾
:person_doing_cartwheel:=🤸
:wind_blowing_face:=🌬
:envelope_with_arrow:=📩
:flag_ky:=🇰🇾
:fries:=🍟
:relieved:=😌
:man_shrugging:=🤷‍♂️
:cookie:=🍪
:taxi:=🚕
:astonished:=😲
:ghost:=👻
:hear_no_evil:=🙉
:flag_pk:=🇵🇰
:call_me_tone2:=🤙🏼
:small_red_triangle_down:=🔻
:man_juggling_tone1:=🤹🏻‍♂️
:pushpin:=📌
:flag_mz:=🇲🇿
:clock12:=🕛
:metal_tone4:=🤘🏾
:pig:=🐷
:statue_of_liberty:=🗽
:digit_three:=3️
:person_raising_hand_tone4:=🙋🏾
:flag_sa:=🇸🇦
:levitate:=🕴
:woman_scientist_tone4:=👩🏾‍🔬
:woman_detective_tone5:=🕵🏿‍♀️
:flag_sr:=🇸🇷
:desktop:=🖥
:flag_kg:=🇰🇬
:candy:=🍬
:flag_lr:=🇱🇷
:u7121:=🈚
:digit_nine:=9️
:flag_at:=🇦🇹
:older_woman_tone3:=👵🏽
:blond-haired_woman_tone2:=👱🏼‍♀️
:revolving_hearts:=💞
:writing_hand_tone5:=✍🏿
:woman_health_worker_tone2:=👩🏼‍⚕️
:bird:=🐦
:boy_tone2:=👦🏼
:sound:=🔉
:shirt:=👕
:man_police_officer_tone5:=👮🏿‍♂️
:man_juggling_tone5:=🤹🏿‍♂️
:fishing_pole_and_fish:=🎣
:man_construction_worker_tone5:=👷🏿‍♂️
:earth_americas:=🌎
:camel:=🐫
:skier:=⛷
:woman_firefighter:=👩‍🚒
:flag_ic:=🇮🇨
:raised_hands_tone4:=🙌🏾
:ear_tone5:=👂🏿
:flag_bs:=🇧🇸
:man_playing_water_polo:=🤽‍♂️
:raised_hands_tone1:=🙌🏻
:clock1030:=🕥
:man_surfing_tone1:=🏄🏻‍♂️
:police_officer_tone2:=👮🏼
:woman_construction_worker_tone5:=👷🏿‍♀️
:older_man_tone1:=👴🏻
:clock4:=🕓
:regional_indicator_g:=🇬
:woman_mechanic_tone4:=👩🏾‍🔧
:accept:=🉑
:man_tipping_hand_tone1:=💁🏻‍♂️
:person_surfing_tone1:=🏄🏻
:purple_heart:=💜
:raised_back_of_hand_tone4:=🤚🏾
:pensive:=😔
:prince_tone3:=🤴🏽
:man_swimming_tone3:=🏊🏽‍♂️
:flag_de:=🇩🇪
:eject:=⏏
:arrow_upper_right:=↗
:rabbit:=🐰
:rolling_eyes:=🙄
:hibiscus:=🌺
:man_playing_water_polo_tone1:=🤽🏻‍♂️
:pray_tone4:=🙏🏾
:robot:=🤖
:princess_tone5:=👸🏿
:blue_circle:=🔵
:woman_facepalming_tone5:=🤦🏿‍♀️
:woman_facepalming_tone4:=🤦🏾‍♀️
:man_playing_water_polo_tone3:=🤽🏽‍♂️
:prayer_beads:=📿
:man_mountain_biking_tone5:=🚵🏿‍♂️
:poodle:=🐩
:man_judge_tone2:=👨🏼‍⚖️
:flag_st:=🇸🇹
:clap_tone1:=👏🏻
:flag_kn:=🇰🇳
:clock430:=🕟
:older_man_tone5:=👴🏿
:woman_guard_tone2:=💂🏼‍♀️
:cinema:=🎦
:black_square_button:=🔲
:label:=🏷
:kissing_cat:=😽
:man_tipping_hand_tone4:=💁🏾‍♂️
:person_doing_cartwheel_tone2:=🤸🏼
:wedding:=💒
:flag_ea:=🇪🇦
:woman_student_tone1:=👩🏻‍🎓
:horse_racing_tone5:=🏇🏿
:person_gesturing_no_tone4:=🙅🏾
:woman_pouting_tone2:=🙎🏼‍♀️
:woman_teacher:=👩‍🏫
:angel_tone3:=👼🏽
:nail_care_tone5:=💅🏿
:suspension_railway:=🚟
:woman_running_tone1:=🏃🏻‍♀️
:pray_tone1:=🙏🏻
:airplane_small:=🛩
:woman_pilot_tone1:=👩🏻‍✈️
:ophiuchus:=⛎
:man_factory_worker_tone1:=👨🏻‍🏭
:woman_gesturing_ok:=🙆‍♀️
:wave:=👋
:arrow_up_down:=↕
:shaved_ice:=🍧
:man_mountain_biking_tone2:=🚵🏼‍♂️
:elephant:=🐘
:woman_office_worker_tone3:=👩🏽‍💼
:100:=💯
:ear_tone2:=👂🏼
:person_pouting:=🙎
:woman_playing_handball:=🤾‍♀️
:united_nations:=🇺🇳
:person_mountain_biking_tone1:=🚵🏻
:koala:=🐨
:man_facepalming_tone5:=🤦🏿‍♂️
:punch_tone3:=👊🏽
:dark_sunglasses:=🕶
:woman_astronaut_tone3:=👩🏽‍🚀
:flag_jp:=🇯🇵
:selfie_tone3:=🤳🏽
:woman_office_worker_tone1:=👩🏻‍💼
:man_office_worker_tone4:=👨🏾‍💼
:man_raising_hand_tone2:=🙋🏼‍♂️
:thumbsdown_tone5:=👎🏿
:metal_tone1:=🤘🏻
:bride_with_veil_tone1:=👰🏻
:flag_aw:=🇦🇼
:wink:=😉
:coffin:=⚰
:snowboarder_tone2:=🏂🏼
:comet:=☄
:nine:=9️⃣
:woman_wearing_turban_tone5:=👳🏿‍♀️
:man_construction_worker_tone1:=👷🏻‍♂️
:person_bouncing_ball_tone2:=⛹🏼
:person_bowing_tone5:=🙇🏿
:hearts:=♥
:partly_sunny:=⛅
:person_in_bed_tone1:=🛌🏻
:flag_bj:=🇧🇯
:flower_playing_cards:=🎴
:thermometer:=🌡
:person_mountain_biking_tone3:=🚵🏽
:video_game:=🎮
:person_gesturing_ok_tone4:=🙆🏾
:head_bandage:=🤕
:woman_facepalming_tone1:=🤦🏻‍♀️
:man_judge:=👨‍⚖️
:man_bouncing_ball_tone1:=⛹🏻‍♂️
:woman_playing_water_polo_tone3:=🤽🏽‍♀️
:speech_left:=🗨
:man_bouncing_ball_tone2:=⛹🏼‍♂️
:om_symbol:=🕉
:woman_playing_water_polo_tone2:=🤽🏼‍♀️
:battery:=🔋
:rat:=🐀
:ng:=🆖
:leaves:=🍃
:woman_detective_tone3:=🕵🏽‍♀️
:man_getting_face_massage_tone2:=💆🏼‍♂️
:woman_pouting_tone1:=🙎🏻‍♀️
:menorah:=🕎
:sweat:=😓
:man_walking_tone1:=🚶🏻‍♂️
:man_dancing_tone1:=🕺🏻
:woman_golfing_tone4:=🏌🏾‍♀️
:flag_sl:=🇸🇱
:unamused:=😒
:flag_bt:=🇧🇹
:red_circle:=🔴
:lock_with_ink_pen:=🔏
:woman_swimming_tone1:=🏊🏻‍♀️
:ambulance:=🚑
:person_facepalming_tone1:=🤦🏻
:man_artist_tone1:=👨🏻‍🎨
:new:=🆕
:spider:=🕷
:symbols:=🔣
:person_wearing_turban_tone1:=👳🏻
:man_surfing_tone5:=🏄🏿‍♂️
:person_raising_hand_tone2:=🙋🏼
:flag_ws:=🇼🇸
:tired_face:=😫
:man_student_tone1:=👨🏻‍🎓
:woman_firefighter_tone5:=👩🏿‍🚒
:man_in_tuxedo_tone2:=🤵🏼
:u5408:=🈴
:mute:=🔇
:white_check_mark:=✅
:man_shrugging_tone3:=🤷🏽‍♂️
:hatched_chick:=🐥
:rice_cracker:=🍘
:squid:=🦑
:floppy_disk:=💾
:man_singer_tone2:=👨🏼‍🎤
:fork_knife_plate:=🍽
:flag_bi:=🇧🇮
:woman_mountain_biking:=🚵‍♀️
:worried:=😟
:hand_splayed_tone3:=🖐🏽
:person_running:=🏃
:man_biking_tone1:=🚴🏻‍♂️
:person_running_tone4:=🏃🏾
:woman_police_officer_tone3:=👮🏽‍♀️
:regional_indicator_o:=🇴
:smiley:=😃
:mushroom:=🍄
:man_gesturing_ok_tone3:=🙆🏽‍♂️
:motorway:=🛣
:cry:=😢
:woman_tipping_hand_tone2:=💁🏼‍♀️
:black_heart:=🖤
:four_leaf_clover:=🍀
:flag_mm:=🇲🇲
:sunglasses:=😎
:island:=🏝
:woman_juggling_tone2:=🤹🏼‍♀️
:woman_getting_haircut_tone1:=💇🏻‍♀️
:man_swimming:=🏊‍♂️
:woman_playing_water_polo:=🤽‍♀️
:paintbrush:=🖌
:smile_cat:=😸
:alarm_clock:=⏰
:regional_indicator_h:=🇭
:railway_track:=🛤
:flag_ml:=🇲🇱
:ok_hand_tone5:=👌🏿
:woman_surfing_tone1:=🏄🏻‍♀️
:person_tipping_hand_tone3:=💁🏽
:money_mouth:=🤑
:point_right_tone2:=👉🏼
:eggplant:=🍆
:evergreen_tree:=🌲
:star_and_crescent:=☪
:thunder_cloud_rain:=⛈
:left_facing_fist_tone3:=🤛🏽
:person_golfing_tone3:=🏌🏽
:person_shrugging_tone4:=🤷🏾
:woman_health_worker_tone3:=👩🏽‍⚕️
:wave_tone5:=👋🏿
:flag_ni:=🇳🇮
:clock9:=🕘
:family_wwgb:=👩‍👩‍👧‍👦
:computer:=💻
:flag_fr:=🇫🇷
:middle_finger_tone3:=🖕🏽
:v_tone3:=✌🏽
:flag_mx:=🇲🇽
:wave_tone1:=👋🏻
:restroom:=🚻
:six:=6️⃣
:flag_ps:=🇵🇸
:man_getting_haircut_tone4:=💇🏾‍♂️
:man_singer_tone5:=👨🏿‍🎤
:railway_car:=🚃
:man_scientist_tone5:=👨🏿‍🔬
:eight_spoked_asterisk:=✳
:droplet:=💧
:woman_biking:=🚴‍♀️
:v_tone2:=✌🏼
:house:=🏠
:woman_farmer_tone4:=👩🏾‍🌾
:b:=🅱
:flag_tt:=🇹🇹
:blond-haired_man:=👱‍♂️
:man_mechanic_tone3:=👨🏽‍🔧
:flag_sy:=🇸🇾
:guard_tone1:=💂🏻
:flag_black:=🏴
:kissing_smiling_eyes:=😙
:woman_juggling_tone4:=🤹🏾‍♀️
:woman_biking_tone5:=🚴🏿‍♀️
:flag_pl:=🇵🇱
:flag_rw:=🇷🇼
:man_astronaut_tone1:=👨🏻‍🚀
:cloud_tornado:=🌪
:woman_student_tone2:=👩🏼‍🎓
:thumbsup_tone5:=👍🏿
:gear:=⚙
:raised_hand:=✋
:woman_walking:=🚶‍♀️
:kimono:=👘
:man_technologist_tone4:=👨🏾‍💻
:telephone:=☎
:woman_gesturing_no_tone4:=🙅🏾‍♀️
:fist_tone1:=✊🏻
:frog:=🐸
:woman_construction_worker_tone2:=👷🏼‍♀️
:flag_ai:=🇦🇮
:man_office_worker_tone2:=👨🏼‍💼
:woman_farmer_tone2:=👩🏼‍🌾
:man_getting_face_massage_tone4:=💆🏾‍♂️
:rugby_football:=🏉
:outbox_tray:=📤
:blond-haired_woman_tone5:=👱🏿‍♀️
:link:=🔗
:one:=1️⃣
:person_juggling_tone5:=🤹🏿
:regional_indicator_b:=🇧
:arrow_double_down:=⏬
:nail_care_tone1:=💅🏻
:spaghetti:=🍝
:up:=🆙
:man_facepalming_tone4:=🤦🏾‍♂️
:man_dancing_tone4:=🕺🏾
:dash:=💨
:flag_me:=🇲🇪
:man_detective_tone5:=🕵🏿‍♂️
:green_heart:=💚
:clock6:=🕕
:family_mwg:=👨‍👩‍👧
:sweet_potato:=🍠
:cloud_lightning:=🌩
:flag_ve:=🇻🇪
:airplane_departure:=🛫
:woman_lifting_weights_tone3:=🏋🏽‍♀️
:dancer_tone1:=💃🏻
:point_right_tone1:=👉🏻
:woman_mountain_biking_tone1:=🚵🏻‍♀️
:regional_indicator_d:=🇩
:cyclone:=🌀
:man_pilot_tone5:=👨🏿‍✈️
:no_mouth:=😶
:scorpius:=♏
:person_golfing_tone1:=🏌🏻
:saxophone:=🎷
:man_biking:=🚴‍♂️
:mouse_three_button:=🖱
:man_getting_haircut_tone2:=💇🏼‍♂️
:woman_frowning_tone4:=🙍🏾‍♀️
:open_hands_tone5:=👐🏿
:hand_splayed_tone5:=🖐🏿
:fuelpump:=⛽
:person_in_bed_tone4:=🛌🏾
:flag_um:=🇺🇲
:monkey_face:=🐵
:ok_hand_tone3:=👌🏽
:minidisc:=💽
:person_raising_hand_tone5:=🙋🏿
:girl_tone5:=👧🏿
:woman_detective:=🕵️‍♀️
:man_rowing_boat_tone5:=🚣🏿‍♂️
:heavy_division_sign:=➗
:bath:=🛀
:woman_facepalming:=🤦‍♀️
:flag_az:=🇦🇿
:wrench:=🔧
:woman_pouting:=🙎‍♀️
:flag_ru:=🇷🇺
:flag_fo:=🇫🇴
:man_cook_tone2:=👨🏼‍🍳
:white_circle:=⚪
:man_construction_worker_tone4:=👷🏾‍♂️
:snowman2:=☃
:man_farmer_tone2:=👨🏼‍🌾
:man_raising_hand_tone5:=🙋🏿‍♂️
:sunrise_over_mountains:=🌄
:gift_heart:=💝
:tongue:=👅
:id:=🆔
:man_in_tuxedo_tone3:=🤵🏽
:person_doing_cartwheel_tone5:=🤸🏿
:family_mmg:=👨‍👨‍👧
:blond_haired_person_tone1:=👱🏻
:woman_lifting_weights:=🏋️‍♀️
:mouse2:=🐁
:open_hands_tone2:=👐🏼
:flag_us:=🇺🇸
:woman_surfing:=🏄‍♀️
:left_facing_fist:=🤛
:name_badge:=📛
:globe_with_meridians:=🌐
:flag_im:=🇮🇲
:man_bouncing_ball_tone3:=⛹🏽‍♂️
:selfie:=🤳
:woman_detective_tone1:=🕵🏻‍♀️
:yum:=😋
:person_walking_tone5:=🚶🏿
:warning:=⚠
:nauseated_face:=🤢
:woman_cook_tone4:=👩🏾‍🍳
:crocodile:=🐊
:stopwatch:=⏱
:man_lifting_weights_tone1:=🏋🏻‍♂️
:dromedary_camel:=🐪
:card_index:=📇
:rice:=🍚
:flag_ls:=🇱🇸
:woman_firefighter_tone2:=👩🏼‍🚒
:flag_tk:=🇹🇰
:black_circle:=⚫
:women_with_bunny_ears_partying:=👯‍♀️
:older_man_tone2:=👴🏼
:kiss_ww:=👩‍❤️‍💋‍👩
:flag_ao:=🇦🇴
:blond-haired_man_tone3:=👱🏽‍♂️
:oncoming_automobile:=🚘
:older_man:=👴
:woman_cartwheeling_tone1:=🤸🏻‍♀️
:black_large_square:=⬛
:arrow_right_hook:=↪
:person_juggling:=🤹
:woman_pouting_tone4:=🙎🏾‍♀️
:u7533:=🈸
:abc:=🔤
:grinning:=😀
:woman_playing_handball_tone4:=🤾🏾‍♀️
:pray_tone5:=🙏🏿
:woman_rowing_boat_tone4:=🚣🏾‍♀️
:regional_indicator_q:=🇶
:vibration_mode:=📳
:basketball:=🏀
:flag_pg:=🇵🇬
:turkey:=🦃
:woman_tipping_hand_tone5:=💁🏿‍♀️
:speedboat:=🚤
:expressionless:=😑
:city_sunset:=🌇
:left_luggage:=🛅
:ping_pong:=🏓
:flag_mt:=🇲🇹
:sparkles:=✨
:man_tipping_hand_tone3:=💁🏽‍♂️
:circus_tent:=🎪
:yellow_heart:=💛
:woman_mountain_biking_tone2:=🚵🏼‍♀️
:flag_cn:=🇨🇳
:woman_student_tone3:=👩🏽‍🎓
:flag_af:=🇦🇫
:woman_golfing_tone1:=🏌🏻‍♀️
:umbrella2:=☂
:taurus:=♉
:horse_racing_tone3:=🏇🏽
:person_bouncing_ball_tone3:=⛹🏽
:flag_sc:=🇸🇨
:guard_tone5:=💂🏿
:man_guard_tone5:=💂🏿‍♂️
:woman_teacher_tone2:=👩🏼‍🏫
:man_firefighter_tone5:=👨🏿‍🚒
:calendar:=📆
:person_biking_tone2:=🚴🏼
:family_woman_girl_girl:=👩‍👧‍👧
:santa_tone2:=🎅🏼
:womans_hat:=👒
:woman_swimming_tone5:=🏊🏿‍♀️
:spider_web:=🕸
:tools:=🛠
:blond-haired_man_tone5:=👱🏿‍♂️
:violin:=🎻
:inbox_tray:=📥
:arrow_forward:=▶
:heavy_plus_sign:=➕
:relaxed:=☺
:person_lifting_weights_tone3:=🏋🏽
:blue_heart:=💙
:point_down_tone5:=👇🏿
:snowboarder_tone1:=🏂🏻
:woman_pilot_tone4:=👩🏾‍✈️
:person_shrugging_tone3:=🤷🏽
:repeat_one:=🔂
:flag_mn:=🇲🇳
:office:=🏢
:interrobang:=⁉
:o2:=🅾
:lying_face:=🤥
:woman_raising_hand_tone5:=🙋🏿‍♀️
:flag_ag:=🇦🇬
:woman_scientist_tone5:=👩🏿‍🔬
:chart_with_upwards_trend:=📈
:flag_bm:=🇧🇲
:shamrock:=☘
:construction_worker:=👷
:customs:=🛃
:blue_car:=🚙
:point_up_2_tone1:=👆🏻
:flag_nz:=🇳🇿
:radio_button:=🔘
:confused:=😕
:hand_splayed_tone2:=🖐🏼
:white_sun_cloud:=🌥
:books:=📚
:woman_facepalming_tone3:=🤦🏽‍♀️
:man_scientist_tone4:=👨🏾‍🔬
:flag_ta:=🇹🇦
:boy_tone5:=👦🏿
:women_wrestling:=🤼‍♀️
:woman_juggling:=🤹‍♀️
:man_cartwheeling_tone5:=🤸🏿‍♂️
:woman_bouncing_ball_tone3:=⛹🏽‍♀️
:flag_am:=🇦🇲
:flag_cl:=🇨🇱
:woman_farmer:=👩‍🌾
:pouch:=👝
:envelope:=✉
:woman_police_officer:=👮‍♀️
:page_facing_up:=📄
:champagne_glass:=🥂
:flag_yt:=🇾🇹
:metal:=🤘
:mrs_claus_tone2:=🤶🏼
:round_pushpin:=📍
:cucumber:=🥒
:baby_tone1:=👶🏻
:digit_two:=2️
:person_getting_massage:=💆
:person_bowing:=🙇
:man_facepalming_tone2:=🤦🏼‍♂️
:flag_vn:=🇻🇳
:boxing_glove:=🥊
:woman_health_worker_tone4:=👩🏾‍⚕️
:eight:=8️⃣
:boy:=👦
:person_rowing_boat_tone2:=🚣🏼
:flag_as:=🇦🇸
:construction_site:=🏗
:flag_ch:=🇨🇭
:person_surfing:=🏄
:full_moon_with_face:=🌝
:flag_nf:=🇳🇫
:middle_finger_tone5:=🖕🏿
:open_hands_tone3:=👐🏽
:flag_ms:=🇲🇸
:camping:=🏕
:baby_chick:=🐤
:man_raising_hand_tone3:=🙋🏽‍♂️
:princess:=👸
:person_frowning_tone4:=🙍🏾
:question:=❓
:train:=🚋
:man_tone3:=👨🏽
:mountain_cableway:=🚠
:man_with_chinese_cap:=👲
:bath_tone5:=🛀🏿
:o:=⭕
:fountain:=⛲
:u5272:=🈹
:microscope:=🔬
:person_lifting_weights_tone1:=🏋🏻
:children_crossing:=🚸
:punch_tone2:=👊🏼
:writing_hand_tone4:=✍🏾
:point_up_2_tone5:=👆🏿
:flag_bg:=🇧🇬
:clap_tone3:=👏🏽
:flag_ht:=🇭🇹
:digit_seven:=7️
:flag_gw:=🇬🇼
:regional_indicator_c:=🇨
:pisces:=♓
:point_up_tone5:=☝🏿
:construction_worker_tone4:=👷🏾
:man_playing_water_polo_tone4:=🤽🏾‍♂️
:flag_be:=🇧🇪
:joy_cat:=😹
:man_mechanic_tone1:=👨🏻‍🔧
:raised_hand_tone5:=✋🏿
:bed:=🛏
:man_factory_worker_tone5:=👨🏿‍🏭
:woman_artist_tone2:=👩🏼‍🎨
:beginner:=🔰
:clipboard:=📋
:thumbsup_tone2:=👍🏼
:point_left_tone2:=👈🏼
:person_getting_haircut_tone1:=💇🏻
:man_bowing_tone4:=🙇🏾‍♂️
:bus:=🚌
:point_up_tone4:=☝🏾
:person_swimming_tone1:=🏊🏻
:light_rail:=🚈
:blond-haired_woman_tone4:=👱🏾‍♀️
:person_lifting_weights_tone4:=🏋🏾
:woman_walking_tone5:=🚶🏿‍♀️
:compression:=🗜
:woman_singer_tone1:=👩🏻‍🎤
:flag_fm:=🇫🇲
:grimacing:=😬
:pregnant_woman_tone3:=🤰🏽
:fireworks:=🎆
:izakaya_lantern:=🏮
:ferry:=⛴
:woman_surfing_tone3:=🏄🏽‍♀️
:man_frowning_tone2:=🙍🏼‍♂️
:ok_hand_tone4:=👌🏾
:stars:=🌠
:strawberry:=🍓
:man_farmer_tone3:=👨🏽‍🌾
:earth_asia:=🌏
:ticket:=🎫
:flag_tf:=🇹🇫
:crossed_swords:=⚔
:man_golfing_tone5:=🏌🏿‍♂️
:flag_cx:=🇨🇽
:back:=🔙
:mag_right:=🔎
:flag_sv:=🇸🇻
:metal_tone2:=🤘🏼
:flag_gh:=🇬🇭
:mrs_claus_tone3:=🤶🏽
:flag_sd:=🇸🇩
:whale2:=🐋
:open_hands:=👐
:flag_gm:=🇬🇲
:arrow_down_small:=🔽
:woman_police_officer_tone4:=👮🏾‍♀️
:man_student_tone5:=👨🏿‍🎓
:snowboarder:=🏂
:woman_rowing_boat_tone1:=🚣🏻‍♀️
:military_medal:=🎖
:triangular_ruler:=📐
:man_scientist:=👨‍🔬
:classical_building:=🏛
:woman_artist_tone5:=👩🏿‍🎨
:writing_hand:=✍
:older_woman_tone2:=👵🏼
:sa:=🈂
:alien:=👽
:flag_lu:=🇱🇺
:mag:=🔍
:man_getting_haircut_tone3:=💇🏽‍♂️
:flag_tc:=🇹🇨
:tone1:=🏻
:nail_care:=💅
:woman_cartwheeling_tone4:=🤸🏾‍♀️
:musical_score:=🎼
:clapper:=🎬
:ok_hand:=👌
:raised_back_of_hand_tone1:=🤚🏻
:person_running_tone3:=🏃🏽
:pause_button:=⏸
:left_right_arrow:=↔
:flag_ck:=🇨🇰
:low_brightness:=🔅
:play_pause:=⏯
:clock8:=🕗
:family_man_woman_boy:=👨‍👩‍👦
:mahjong:=🀄
:nerd:=🤓
:four:=4️⃣
:chains:=⛓
:man_juggling_tone4:=🤹🏾‍♂️
:rainbow_flag:=🏳️‍🌈
:fingers_crossed_tone3:=🤞🏽
:flag_mf:=🇲🇫
:person_rowing_boat_tone5:=🚣🏿
:flag_ee:=🇪🇪
:man_police_officer_tone2:=👮🏼‍♂️
:flag_gi:=🇬🇮
:person_facepalming_tone2:=🤦🏼
:flag_ec:=🇪🇨
:selfie_tone5:=🤳🏿
:ear_of_rice:=🌾
:maple_leaf:=🍁
:boy_tone1:=👦🏻
:badminton:=🏸
:corn:=🌽
:man_bouncing_ball:=⛹️‍♂️
:eight_pointed_black_star:=✴
:camera:=📷
:woman_shrugging_tone5:=🤷🏿‍♀️
:flag_ma:=🇲🇦
:purse:=👛
:alembic:=⚗
:woman_firefighter_tone3:=👩🏽‍🚒
:woman_tone1:=👩🏻
:man_gesturing_ok_tone4:=🙆🏾‍♂️
:woman_getting_face_massage_tone3:=💆🏽‍♀️
:unlock:=🔓
:syringe:=💉
:muscle_tone2:=💪🏼
:flag_lc:=🇱🇨
:family_woman_boy:=👩‍👦
:older_man_tone3:=👴🏽
:fingers_crossed_tone1:=🤞🏻
:woman_frowning:=🙍‍♀️
:rice_scene:=🎑
:star:=⭐
:hugging:=🤗
:man_office_worker_tone5:=👨🏿‍💼
:man_pilot_tone2:=👨🏼‍✈️
:cherry_blossom:=🌸
:woman_walking_tone4:=🚶🏾‍♀️
:man_playing_handball_tone4:=🤾🏾‍♂️
:santa_tone1:=🎅🏻
:flag_ye:=🇾🇪
:lock:=🔒
:angel:=👼
:motorcycle:=🏍
:person_mountain_biking_tone2:=🚵🏼
:woman_student_tone5:=👩🏿‍🎓
:man_construction_worker_tone2:=👷🏼‍♂️
:woman_surfing_tone4:=🏄🏾‍♀️
:japanese_goblin:=👺
:flag_mr:=🇲🇷
:family_mmgg:=👨‍👨‍👧‍👧
:peach:=🍑
:woman_pouting_tone3:=🙎🏽‍♀️
:gem:=💎
:woman_artist_tone4:=👩🏾‍🎨
:flag_ci:=🇨🇮
:family_man_boy:=👨‍👦
:spades:=♠
:ram:=🐏
:man_cartwheeling_tone3:=🤸🏽‍♂️
:newspaper:=📰
:person_wearing_turban_tone5:=👳🏿
:blond_haired_person:=👱
:leopard:=🐆
:scroll:=📜
:woman_getting_face_massage_tone5:=💆🏿‍♀️
:flag_sg:=🇸🇬
:man_pouting_tone2:=🙎🏼‍♂️
:blond-haired_man_tone4:=👱🏾‍♂️
:woman_frowning_tone3:=🙍🏽‍♀️
:pregnant_woman_tone1:=🤰🏻
:steam_locomotive:=🚂
:man_golfing_tone2:=🏌🏼‍♂️
:call_me_tone3:=🤙🏽
:regional_indicator_t:=🇹
:sailboat:=⛵
:currency_exchange:=💱
:soccer:=⚽
:flag_gb:=🇬🇧
:banana:=🍌
:person_pouting_tone2:=🙎🏼
:dragon:=🐉
:woman_lifting_weights_tone5:=🏋🏿‍♀️
:key:=🔑
:broken_heart:=💔
:crown:=👑
:man_artist_tone2:=👨🏼‍🎨
:wave_tone3:=👋🏽
:rooster:=🐓
:money_with_wings:=💸
:stadium:=🏟
:scissors:=✂
:man_tipping_hand:=💁‍♂️
:woman_tipping_hand_tone3:=💁🏽‍♀️
:dancer_tone5:=💃🏿
:person_tipping_hand_tone5:=💁🏿
:u6708:=🈷
:fish:=🐟
:flag_cd:=🇨🇩
:diamond_shape_with_a_dot_inside:=💠
:wc:=🚾
:woman_health_worker_tone1:=👩🏻‍⚕️
:man_with_chinese_cap_tone4:=👲🏾
:martial_arts_uniform:=🥋
:man_in_business_suit_levitating_tone2:=🕴🏼
:postbox:=📮
:point_up_tone2:=☝🏼
:mountain:=⛰
:man_firefighter:=👨‍🚒
:earth_africa:=🌍
:herb:=🌿
:hash:=#️⃣
:man_getting_face_massage:=💆‍♂️
:flag_pe:=🇵🇪
:trolleybus:=🚎
:horse:=🐴
:raised_hand_tone2:=✋🏼
:running_shirt_with_sash:=🎽
:curry:=🍛
:flag_cm:=🇨🇲
:flag_pr:=🇵🇷
:woman_singer_tone4:=👩🏾‍🎤
:slight_frown:=🙁
:mountain_railway:=🚞
:digit_one:=1️
:point_right_tone3:=👉🏽
:man_running_tone1:=🏃🏻‍♂️
:bread:=🍞
:baby_bottle:=🍼
:woman_frowning_tone5:=🙍🏿‍♀️
:arrow_backward:=◀
:man_gesturing_no_tone2:=🙅🏼‍♂️
:golf:=⛳
:smirk_cat:=😼
:registered:=®
:detective_tone2:=🕵🏼
:stuffed_flatbread:=🥙
:bangbang:=‼
:star2:=🌟
:heartpulse:=💗
:woman_running_tone3:=🏃🏽‍♀️
:part_alternation_mark:=〽
:zero:=0️⃣
:flag_al:=🇦🇱
:man_singer:=👨‍🎤
:notebook:=📓
:person_wearing_turban_tone3:=👳🏽
:woman_frowning_tone2:=🙍🏼‍♀️
:man_lifting_weights_tone5:=🏋🏿‍♂️
:negative_squared_cross_mark:=❎
:girl_tone2:=👧🏼
:woman_bowing_tone1:=🙇🏻‍♀️
:person_frowning_tone5:=🙍🏿
:woman_tipping_hand_tone4:=💁🏾‍♀️
:family_man_girl_girl:=👨‍👧‍👧
:crescent_moon:=🌙
:pig2:=🐖
:milky_way:=🌌
:repeat:=🔁
:man_playing_handball_tone2:=🤾🏼‍♂️
:hockey:=🏒
:yen:=💴
:blowfish:=🐡
:flag_nr:=🇳🇷
:spoon:=🥄
:flag_sk:=🇸🇰
:tractor:=🚜
:sleeping_accommodation:=🛌
:woman_getting_haircut_tone4:=💇🏾‍♀️
:person_in_bed_tone5:=🛌🏿
:confounded:=😖
:bathtub:=🛁
:police_officer_tone5:=👮🏿
:bath_tone3:=🛀🏽
:horse_racing_tone1:=🏇🏻
:handshake:=🤝
:horse_racing_tone4:=🏇🏾
:baby:=👶
:no_mobile_phones:=📵
:wastebasket:=🗑
:woman_playing_handball_tone5:=🤾🏿‍♀️
:woman_getting_face_massage:=💆‍♀️
:woman_artist_tone3:=👩🏽‍🎨
:deciduous_tree:=🌳
:man_juggling:=🤹‍♂️
:man_shrugging_tone1:=🤷🏻‍♂️
:older_woman_tone5:=👵🏿
:clock5:=🕔
:crossed_flags:=🎌
:man_frowning_tone4:=🙍🏾‍♂️
:dividers:=🗂
:woman_swimming_tone4:=🏊🏾‍♀️
:woman_getting_haircut:=💇‍♀️
:man_swimming_tone2:=🏊🏼‍♂️
:mobile_phone_off:=📴
:anguished:=😧
:man_biking_tone4:=🚴🏾‍♂️
:orange_book:=📙
:avocado:=🥑
:cityscape:=🏙
:man_cook:=👨‍🍳
:loop:=➿
:notepad_spiral:=🗒
:point_up_2_tone2:=👆🏼
:disappointed:=😞
:guitar:=🎸
:a:=🅰
:person_fencing:=🤺
:trackball:=🖲
:man_playing_handball:=🤾‍♂️
:person_playing_water_polo_tone3:=🤽🏽
:last_quarter_moon:=🌗
:man_firefighter_tone3:=👨🏽‍🚒
:date:=📅
:do_not_litter:=🚯
:woman_mountain_biking_tone4:=🚵🏾‍♀️
:man_surfing_tone3:=🏄🏽‍♂️
:man_shrugging_tone4:=🤷🏾‍♂️
:person_walking_tone3:=🚶🏽
:flag_et:=🇪🇹
:flag_hm:=🇭🇲
:tram:=🚊
:truck:=🚚
:small_red_triangle:=🔺
:man_cartwheeling_tone2:=🤸🏼‍♂️
:right_facing_fist_tone2:=🤜🏼
:bouquet:=💐
:ok:=🆗
:ferris_wheel:=🎡
:trophy:=🏆
:flag_cz:=🇨🇿
:point_right_tone5:=👉🏿
:game_die:=🎲
:two_hearts:=💕
:stop_button:=⏹
:field_hockey:=🏑
:man_health_worker_tone2:=👨🏼‍⚕️
:woman_gesturing_no:=🙅‍♀️
:man_in_business_suit_levitating_tone4:=🕴🏾
:flag_za:=🇿🇦
:man_police_officer_tone4:=👮🏾‍♂️
:flag_gl:=🇬🇱
:first_quarter_moon_with_face:=🌛
:atm:=🏧
:poultry_leg:=🍗
:person_golfing_tone4:=🏌🏾
:hotel:=🏨
:man_judge_tone1:=👨🏻‍⚖️
:mrs_claus_tone4:=🤶🏾
:new_moon:=🌑
:tophat:=🎩
:clock230:=🕝
:regional_indicator_u:=🇺
:black_medium_small_square:=◾
:flag_vg:=🇻🇬
:woman_factory_worker_tone4:=👩🏾‍🏭
:ramen:=🍜
:hot_pepper:=🌶
:flag_gd:=🇬🇩
:no_smoking:=🚭
:dragon_face:=🐲
:recycle:=♻
:woman_singer_tone3:=👩🏽‍🎤
:man_running_tone2:=🏃🏼‍♂️
:flag_sm:=🇸🇲
:heavy_dollar_sign:=💲
:bamboo:=🎍
:police_officer:=👮
:flag_ie:=🇮🇪
:woman_raising_hand_tone1:=🙋🏻‍♀️
:wheelchair:=♿
:man_police_officer_tone1:=👮🏻‍♂️
:waning_crescent_moon:=🌘
:waning_gibbous_moon:=🌖
:flag_pm:=🇵🇲
:older_woman_tone1:=👵🏻
:man_gesturing_no_tone5:=🙅🏿‍♂️
:cool:=🆒
:point_up_tone1:=☝🏻
:left_facing_fist_tone1:=🤛🏻
:arrow_upper_left:=↖
:clock330:=🕞
:police_officer_tone4:=👮🏾
:flag_bv:=🇧🇻
:pound:=💷
:arrow_left:=⬅
:beer:=🍺
:poop:=💩
:flag_to:=🇹🇴
:man_technologist:=👨‍💻
:twisted_rightwards_arrows:=🔀
:man_pouting_tone3:=🙎🏽‍♂️
:sos:=🆘
:kiss_woman_man:=👩‍❤️‍💋‍👨
:bento:=🍱
:church:=⛪
:person_getting_massage_tone4:=💆🏾
:necktie:=👔
:man_facepalming_tone1:=🤦🏻‍♂️
:clock1230:=🕧
:flag_nl:=🇳🇱
:man_farmer:=👨‍🌾
:regional_indicator_k:=🇰
:man_with_chinese_cap_tone2:=👲🏼
:detective_tone3:=🕵🏽
:bullettrain_side:=🚄
:bath_tone2:=🛀🏼
:clap:=👏
:man_health_worker_tone3:=👨🏽‍⚕️
:digit_four:=4️
:man_pilot:=👨‍✈️
:detective_tone4:=🕵🏾
:woman_technologist_tone3:=👩🏽‍💻
:stuck_out_tongue_winking_eye:=😜
:man_wearing_turban_tone4:=👳🏾‍♂️
:flag_om:=🇴🇲
:person_rowing_boat_tone4:=🚣🏾
:chart_with_downwards_trend:=📉
:angel_tone4:=👼🏾
:bacon:=🥓
:flag_ki:=🇰🇮
:woman_judge_tone1:=👩🏻‍⚖️
:cow2:=🐄
:clock:=🕰
:detective:=🕵
:aerial_tramway:=🚡
:european_post_office:=🏤
:regional_indicator_r:=🇷
:woman_golfing_tone5:=🏌🏿‍♀️
:man_surfing_tone4:=🏄🏾‍♂️
:man_golfing_tone1:=🏌🏻‍♂️
:jeans:=👖
:thermometer_face:=🤒
:man_pilot_tone4:=👨🏾‍✈️
:woman_golfing_tone2:=🏌🏼‍♀️
:person_mountain_biking_tone5:=🚵🏿
:scooter:=🛴
:turtle:=🐢
:loud_sound:=🔊
:flag_iq:=🇮🇶
:flag_tm:=🇹🇲
:flag_cu:=🇨🇺
:oden:=🍢
:woman_factory_worker_tone2:=👩🏼‍🏭
:skull_crossbones:=☠
:nail_care_tone3:=💅🏽
:man_gesturing_ok_tone1:=🙆🏻‍♂️
:clock930:=🕤
:person_wearing_turban_tone2:=👳🏼
:man_raising_hand_tone1:=🙋🏻‍♂️
:white_sun_rain_cloud:=🌦
:blossom:=🌼
:foggy:=🌁
:hammer:=🔨
:yin_yang:=☯
:person_tipping_hand_tone4:=💁🏾
:woman_teacher_tone4:=👩🏾‍🏫
:trumpet:=🎺
:rotating_light:=🚨
:mailbox:=📫
:calling:=📲
:medal:=🏅
:man_guard_tone4:=💂🏾‍♂️
:clock7:=🕖
:muscle:=💪
:frowning:=😦
:ok_hand_tone2:=👌🏼
:wolf:=🐺
:cross:=✝
:pray_tone2:=🙏🏼
:person_raising_hand_tone3:=🙋🏽
:woman_shrugging_tone3:=🤷🏽‍♀️
:man_frowning_tone1:=🙍🏻‍♂️
:flag_jo:=🇯🇴
:projector:=📽
:pig_nose:=🐽
:right_facing_fist_tone3:=🤜🏽
:mask:=😷
:man_tone2:=👨🏼
:ribbon:=🎀
:woman_tipping_hand:=💁‍♀️
:flag_dm:=🇩🇲
:tone2:=🏼
:couch:=🛋
:synagogue:=🕍
:woman_getting_face_massage_tone2:=💆🏼‍♀️
:muscle_tone3:=💪🏽
:dollar:=💵
:man_mechanic:=👨‍🔧
:person_juggling_tone1:=🤹🏻
:construction_worker_tone3:=👷🏽
:pound_symbol:=#️
:digit_eight:=8️
:man_tone5:=👨🏿
:bride_with_veil_tone3:=👰🏽
:bride_with_veil_tone4:=👰🏾
:flags:=🎏
:flag_sz:=🇸🇿
:man_bouncing_ball_tone5:=⛹🏿‍♂️
:flag_ir:=🇮🇷
:boar:=🐗
:person_playing_handball_tone1:=🤾🏻
:cherries:=🍒
:candle:=🕯
:woman_juggling_tone3:=🤹🏽‍♀️
:scorpion:=🦂
:family_woman_girl_boy:=👩‍👧‍👦
:construction:=🚧
:third_place:=🥉
:flag_ng:=🇳🇬
:man_detective_tone2:=🕵🏼‍♂️
:police_officer_tone3:=👮🏽
:smirk:=😏
:regional_indicator_i:=🇮
:clock11:=🕚
:anger_right:=🗯
:flag_es:=🇪🇸
:flag_kz:=🇰🇿
:fish_cake:=🍥
:metro:=🚇
:checkered_flag:=🏁
:flag_gr:=🇬🇷
:cloud_snow:=🌨
:man_rowing_boat_tone3:=🚣🏽‍♂️
:woman_farmer_tone1:=👩🏻‍🌾
:watermelon:=🍉
:digit_five:=5️
:heart_exclamation:=❣
:flag_sj:=🇸🇯
:flag_th:=🇹🇭
:rainbow:=🌈
:man_singer_tone1:=👨🏻‍🎤
:flag_kh:=🇰🇭
:flag_cp:=🇨🇵
:clap_tone2:=👏🏼
:free:=🆓
:man_pilot_tone3:=👨🏽‍✈️
:flag_cw:=🇨🇼
:rocket:=🚀
:pray:=🙏
:mortar_board:=🎓
:station:=🚉
:heartbeat:=💓
:man_factory_worker_tone4:=👨🏾‍🏭
:man_lifting_weights_tone3:=🏋🏽‍♂️
:person_swimming_tone4:=🏊🏾
:raised_hands:=🙌
:person_gesturing_ok_tone5:=🙆🏿
:moneybag:=💰
:blond-haired_man_tone1:=👱🏻‍♂️
:man_cartwheeling_tone1:=🤸🏻‍♂️
:thinking:=🤔
:person_bowing_tone2:=🙇🏼
:man_bowing_tone1:=🙇🏻‍♂️
:eye:=👁
:flag_so:=🇸🇴
:virgo:=♍
:woman_raising_hand:=🙋‍♀️
:helmet_with_cross:=⛑
:person_gesturing_no_tone1:=🙅🏻
:point_down_tone2:=👇🏼
:man_walking_tone4:=🚶🏾‍♂️
:man_dancing:=🕺
:person_getting_haircut_tone2:=💇🏼
:unicorn:=🦄
:man_factory_worker:=👨‍🏭
:japanese_ogre:=👹
:family_mwgg:=👨‍👩‍👧‍👧
:oil:=🛢
:couplekiss:=💏
:man_pouting_tone5:=🙎🏿‍♂️
:bar_chart:=📊
:person_facepalming_tone3:=🤦🏽
:thumbsup_tone4:=👍🏾
:man_farmer_tone5:=👨🏿‍🌾
:flag_co:=🇨🇴
:flag_na:=🇳🇦
:peanuts:=🥜
:key2:=🗝
:diamonds:=♦
:man_student_tone2:=👨🏼‍🎓
:whale:=🐳
:person_in_bed_tone3:=🛌🏽
:fingers_crossed:=🤞
:flag_pf:=🇵🇫
:flag_mp:=🇲🇵
:deer:=🦌
:flag_nu:=🇳🇺
:six_pointed_star:=🔯
:regional_indicator_y:=🇾
:no_entry_sign:=🚫
:person_getting_massage_tone5:=💆🏿
:flag_mw:=🇲🇼
:person_getting_massage_tone2:=💆🏼
:dvd:=📀
:flag_eh:=🇪🇭
:woman_playing_water_polo_tone5:=🤽🏿‍♀️
:butterfly:=🦋
:couple_ww:=👩‍❤️‍👩
:woman_astronaut:=👩‍🚀
:woman_factory_worker_tone3:=👩🏽‍🏭
:thumbsdown_tone2:=👎🏼
:flag_in:=🇮🇳
:control_knobs:=🎛
:person_playing_handball_tone2:=🤾🏼
:woman_playing_handball_tone1:=🤾🏻‍♀️
:family_man_boy_boy:=👨‍👦‍👦
:heavy_minus_sign:=➖
:sneezing_face:=🤧
:speaker:=🔈
:art:=🎨
:busts_in_silhouette:=👥
:family_wwb:=👩‍👩‍👦
:person_gesturing_no_tone3:=🙅🏽
:fist:=✊
:lion_face:=🦁
:v_tone4:=✌🏾
:arrow_double_up:=⏫
:woman_getting_face_massage_tone1:=💆🏻‍♀️
:cowboy:=🤠
:soon:=🔜
:woman_biking_tone3:=🚴🏽‍♀️
:woman_police_officer_tone1:=👮🏻‍♀️
:convenience_store:=🏪
:flag_ro:=🇷🇴
:woman_pilot:=👩‍✈️
:notebook_with_decorative_cover:=📔
:man_artist_tone5:=👨🏿‍🎨
:flag_id:=🇮🇩
:oncoming_bus:=🚍
:cancer:=♋
:cocktail:=🍸
:tone3:=🏽
:person_frowning:=🙍
:person_lifting_weights:=🏋
:clock1:=🕐
:flag_jm:=🇯🇲
:woman_student:=👩‍🎓
:boot:=👢
:man_golfing:=🏌️‍♂️
:christmas_tree:=🎄
:open_mouth:=😮
:biohazard:=☣
:flag_pa:=🇵🇦
:boy_tone3:=👦🏽
:green_book:=📗
:woman_cook_tone2:=👩🏼‍🍳
:man_lifting_weights_tone2:=🏋🏼‍♂️
:grapes:=🍇
:woman_running_tone2:=🏃🏼‍♀️
:woman_artist:=👩‍🎨
:left_facing_fist_tone5:=🤛🏿
:man_dancing_tone3:=🕺🏽
:person_rowing_boat_tone1:=🚣🏻
:person_running_tone5:=🏃🏿
:canoe:=🛶
:busstop:=🚏
:footprints:=👣
:person_swimming_tone5:=🏊🏿
:person_running_tone1:=🏃🏻
:man_artist_tone3:=👨🏽‍🎨
:guard_tone3:=💂🏽
:woman_tone4:=👩🏾
:vulcan_tone2:=🖖🏼
:man_playing_water_polo_tone2:=🤽🏼‍♂️
:woman_surfing_tone5:=🏄🏿‍♀️
:sunny:=☀
:flag_sb:=🇸🇧
:man_scientist_tone1:=👨🏻‍🔬
:arrow_down:=⬇
:pen_ballpoint:=🖊
:man_singer_tone3:=👨🏽‍🎤
:fingers_crossed_tone4:=🤞🏾
:man_gesturing_ok_tone2:=🙆🏼‍♂️
:cheese:=🧀
:tomato:=🍅
:cold_sweat:=😰
:bookmark_tabs:=📑
:regional_indicator_p:=🇵
:white_large_square:=⬜
:bust_in_silhouette:=👤
:woman_rowing_boat:=🚣‍♀️
:fire:=🔥
:woman_biking_tone1:=🚴🏻‍♀️
:man_wearing_turban_tone3:=👳🏽‍♂️
:muscle_tone4:=💪🏾
:flag_si:=🇸🇮
:scream:=😱
:track_next:=⏭
:flag_bo:=🇧🇴
:flag_hn:=🇭🇳
:man_walking_tone5:=🚶🏿‍♂️
:flag_cc:=🇨🇨
:top:=🔝
:person_getting_haircut_tone5:=💇🏿
:man_teacher_tone3:=👨🏽‍🏫
:woman_astronaut_tone5:=👩🏿‍🚀
:selfie_tone4:=🤳🏾
:incoming_envelope:=📨
:woman_gesturing_ok_tone4:=🙆🏾‍♀️
:v_tone1:=✌🏻
:baseball:=⚾
:flushed:=😳
:ski:=🎿
:person_bowing_tone3:=🙇🏽
:man_mountain_biking_tone4:=🚵🏾‍♂️
:dress:=👗
:person_juggling_tone3:=🤹🏽
:sunflower:=🌻
:woman_office_worker_tone5:=👩🏿‍💼
:couple:=👫
:arrow_up_small:=🔼
:woman_teacher_tone1:=👩🏻‍🏫
:regional_indicator_n:=🇳
:moyai:=🗿
:watch:=⌚
:person_bouncing_ball:=⛹
:regional_indicator_m:=🇲
:fingers_crossed_tone5:=🤞🏿
:ear_tone1:=👂🏻
:guard:=💂
:reminder_ribbon:=🎗
:flag_mu:=🇲🇺
:seven:=7️⃣
:cloud:=☁
:custard:=🍮
:fork_and_knife:=🍴
:clubs:=♣
:man_dancing_tone5:=🕺🏿
:person_getting_haircut_tone4:=💇🏾
:flag_qa:=🇶🇦
:bride_with_veil:=👰
:woman_bouncing_ball_tone1:=⛹🏻‍♀️
:hushed:=😯
:triangular_flag_on_post:=🚩
:sob:=😭
:man_technologist_tone5:=👨🏿‍💻
:tone5:=🏿
:family_mmbb:=👨‍👨‍👦‍👦
:racehorse:=🐎
:right_facing_fist_tone4:=🤜🏾
:raised_hand_tone4:=✋🏾
:left_facing_fist_tone2:=🤛🏼
:x:=❌
:non-potable_water:=🚱
:flag_ae:=🇦🇪
:chestnut:=🌰
:printer:=🖨
:tm:=™
:flag_gs:=🇬🇸
:regional_indicator_e:=🇪
:woman_lifting_weights_tone1:=🏋🏻‍♀️
:flag_dj:=🇩🇯
:flag_zw:=🇿🇼
:love_hotel:=🏩
:woman_biking_tone2:=🚴🏼‍♀️
:man_technologist_tone3:=👨🏽‍💻
:man_walking_tone3:=🚶🏽‍♂️
:woman_cook:=👩‍🍳
:dolls:=🎎
:two:=2️⃣
:woman_playing_water_polo_tone4:=🤽🏾‍♀️
:man_frowning:=🙍‍♂️
:birthday:=🎂
:family_wwg:=👩‍👩‍👧
:shield:=🛡
:flag_lt:=🇱🇹
:sparkle:=❇
:flag_cf:=🇨🇫
:man_police_officer_tone3:=👮🏽‍♂️
:flag_mq:=🇲🇶
:raised_hands_tone2:=🙌🏼
:woman_gesturing_ok_tone5:=🙆🏿‍♀️
:pray_tone3:=🙏🏽
:postal_horn:=📯
:person_doing_cartwheel_tone3:=🤸🏽
:man_farmer_tone4:=👨🏾‍🌾
:man_biking_tone2:=🚴🏼‍♂️
:disappointed_relieved:=😥
:digit_zero:=0️
:person_doing_cartwheel_tone1:=🤸🏻
:flag_lb:=🇱🇧
:no_entry:=⛔
:flag_gt:=🇬🇹
:tropical_drink:=🍹
:construction_worker_tone1:=👷🏻
:chart:=💹
:second_place:=🥈
:flag_pw:=🇵🇼
:girl:=👧
:keycap_ten:=🔟
:file_cabinet:=🗄
:woman_mechanic_tone5:=👩🏿‍🔧
:flag_hu:=🇭🇺
:man:=👨
:snowboarder_tone3:=🏂🏽
:nail_care_tone2:=💅🏼
:put_litter_in_its_place:=🚮
:flag_eg:=🇪🇬
:snail:=🐌
:woman_firefighter_tone1:=👩🏻‍🚒
:sleeping:=😴
:man_police_officer:=👮‍♂️
:calendar_spiral:=🗓
:person_facepalming_tone4:=🤦🏾
:person_biking_tone4:=🚴🏾
:hole:=🕳
:flag_bz:=🇧🇿
:person_frowning_tone1:=🙍🏻
:sun_with_face:=🌞
:woman_cartwheeling_tone5:=🤸🏿‍♀️
:nut_and_bolt:=🔩
:person_surfing_tone4:=🏄🏾
:man_in_tuxedo_tone4:=🤵🏾
:satellite:=📡
:microphone2:=🎙
:man_getting_haircut:=💇‍♂️
:ledger:=📒
:woman_technologist_tone2:=👩🏼‍💻
:high_brightness:=🔆
:baby_tone3:=👶🏽
:flag_ba:=🇧🇦
:japanese_castle:=🏯
:flag_bn:=🇧🇳
:regional_indicator_s:=🇸
:man_astronaut_tone2:=👨🏼‍🚀
:stuck_out_tongue:=😛
:woman_health_worker_tone5:=👩🏿‍⚕️
:fog:=🌫
:woman_gesturing_no_tone3:=🙅🏽‍♀️
:man_detective_tone3:=🕵🏽‍♂️
:snowboarder_tone4:=🏂🏾
:man_biking_tone5:=🚴🏿‍♂️
:woman_lifting_weights_tone4:=🏋🏾‍♀️
:woman_gesturing_no_tone2:=🙅🏼‍♀️
:trident:=🔱
:wheel_of_dharma:=☸
:woman_teacher_tone3:=👩🏽‍🏫
:hand_splayed_tone1:=🖐🏻
:grey_question:=❔
:regional_indicator_a:=🇦
:egg:=🥚
:flag_au:=🇦🇺
:man_with_chinese_cap_tone5:=👲🏿
:man_health_worker_tone1:=👨🏻‍⚕️
:girl_tone4:=👧🏾
:punch_tone4:=👊🏾
:slight_smile:=🙂
:hand_splayed_tone4:=🖐🏾
:large_orange_diamond:=🔶
:flag_it:=🇮🇹
:man_bowing_tone3:=🙇🏽‍♂️
:bow_and_arrow:=🏹
:8ball:=🎱
:bridge_at_night:=🌉
:japan:=🗾
:shopping_cart:=🛒
:vulcan_tone5:=🖖🏿
:parking:=🅿
:flag_td:=🇹🇩
:flag_wf:=🇼🇫
:burrito:=🌯
:man_playing_water_polo_tone5:=🤽🏿‍♂️
:woman_tipping_hand_tone1:=💁🏻‍♀️
:woman_scientist_tone3:=👩🏽‍🔬
:person_surfing_tone2:=🏄🏼
:lizard:=🦎
:beach:=🏖
:bikini:=👙
:shopping_bags:=🛍
:potable_water:=🚰
:woman_lifting_weights_tone2:=🏋🏼‍♀️
:point_up_2_tone3:=👆🏽
:atom:=⚛
:person_gesturing_no:=🙅
:radioactive:=☢
:man_astronaut_tone4:=👨🏾‍🚀
:person_swimming_tone2:=🏊🏼
:flag_bq:=🇧🇶
:person_lifting_weights_tone2:=🏋🏼
:man_detective_tone1:=🕵🏻‍♂️
:white_square_button:=🔳
:flag_ca:=🇨🇦
:page_with_curl:=📃
:man_surfing:=🏄‍♂️
:person_juggling_tone4:=🤹🏾
:tada:=🎉
:man_in_business_suit_levitating_tone1:=🕴🏻
:pencil2:=✏
:woman_raising_hand_tone2:=🙋🏼‍♀️
:chocolate_bar:=🍫
:womens:=🚺
:woman_factory_worker:=👩‍🏭
:flag_ly:=🇱🇾
:book:=📖
:weary:=😩
:ring:=💍
:woman_shrugging_tone1:=🤷🏻‍♀️
:man_running_tone4:=🏃🏾‍♂️
:man_in_tuxedo_tone1:=🤵🏻
:man_rowing_boat_tone4:=🚣🏾‍♂️
:man_dancing_tone2:=🕺🏼
:sparkling_heart:=💖
:secret:=㊙
:smoking:=🚬
:heart:=❤
:man_juggling_tone3:=🤹🏽‍♂️
:man_teacher:=👨‍🏫
:factory:=🏭
:tickets:=🎟
:gemini:=♊
:bomb:=💣
:man_detective:=🕵️‍♂️
:man_firefighter_tone2:=👨🏼‍🚒
:woman_walking_tone3:=🚶🏽‍♀️
:man_rowing_boat_tone1:=🚣🏻‍♂️
:flag_tw:=🇹🇼
:flag_tv:=🇹🇻
:file_folder:=📁
:lollipop:=🍭
:dog:=🐶
:flag_no:=🇳🇴
:santa_tone5:=🎅🏿
:man_judge_tone5:=👨🏿‍⚖️
:woman_bowing_tone3:=🙇🏽‍♀️
:police_car:=🚓
:flag_hr:=🇭🇷
:man_mechanic_tone4:=👨🏾‍🔧
:monkey:=🐒
:duck:=🦆
:confetti_ball:=🎊
:men_with_bunny_ears_partying:=👯‍♂️
:person_getting_haircut:=💇
:older_man_tone4:=👴🏾
:package:=📦
:men_wrestling:=🤼‍♂️
:point_left_tone5:=👈🏿
:panda_face:=🐼
:woman_scientist_tone2:=👩🏼‍🔬
:flag_gn:=🇬🇳
:man_mountain_biking_tone3:=🚵🏽‍♂️
:woman_singer_tone5:=👩🏿‍🎤
:woman_swimming_tone3:=🏊🏽‍♀️
:woman_rowing_boat_tone2:=🚣🏼‍♀️
:woman_construction_worker_tone3:=👷🏽‍♀️
:clock730:=🕢
:flag_vc:=🇻🇨
:person_in_bed_tone2:=🛌🏼
:thumbsdown_tone1:=👎🏻
:u55b6:=🈺
:movie_camera:=🎥
:raised_back_of_hand_tone2:=🤚🏼
:flag_by:=🇧🇾
:man_playing_handball_tone5:=🤾🏿‍♂️
:flag_kp:=🇰🇵
:shallow_pan_of_food:=🥘
:hamburger:=🍔
:underage:=🔞
:person_juggling_tone2:=🤹🏼
:man_office_worker_tone1:=👨🏻‍💼
:zzz:=💤
:detective_tone5:=🕵🏿
:lipstick:=💄
:thumbsup:=👍
:man_pouting:=🙎‍♂️
:wavy_dash:=〰
:blond_haired_person_tone2:=👱🏼
:map:=🗺
:beach_umbrella:=⛱
:people_with_bunny_ears_partying:=👯
:man_in_business_suit_levitating_tone5:=🕴🏿
:tv:=📺
:thumbsdown_tone3:=👎🏽
:woman_office_worker_tone4:=👩🏾‍💼
:e-mail:=📧
:milk:=🥛
:man_guard_tone1:=💂🏻‍♂️
:flag_gg:=🇬🇬
:sleepy:=😪
:person_surfing_tone3:=🏄🏽
:flag_pt:=🇵🇹
:see_no_evil:=🙈
:iphone:=📱
:point_left_tone3:=👈🏽
:flag_re:=🇷🇪
:santa_tone3:=🎅🏽
:copyright:=©
:anchor:=⚓
:princess_tone2:=👸🏼
:bank:=🏦
:woman_tone2:=👩🏼
:aries:=♈
:radio:=📻
:woman_cook_tone1:=👩🏻‍🍳
:woman_swimming:=🏊‍♀️
:point_up:=☝
:man_cook_tone3:=👨🏽‍🍳
:family_wwgg:=👩‍👩‍👧‍👧
:city_dusk:=🌆
:arrow_up:=⬆
:pear:=🍐
:prince_tone4:=🤴🏾
:cooking:=🍳
:first_place:=🥇
:baby_tone4:=👶🏾
:man_shrugging_tone2:=🤷🏼‍♂️
:woman_cartwheeling_tone2:=🤸🏼‍♀️
:man_shrugging_tone5:=🤷🏿‍♂️
:flag_sn:=🇸🇳
:man_firefighter_tone1:=👨🏻‍🚒
:woman_walking_tone1:=🚶🏻‍♀️
:icecream:=🍦
:champagne:=🍾
:dancer_tone2:=💃🏼
:woman_cook_tone5:=👩🏿‍🍳
:woman_getting_haircut_tone3:=💇🏽‍♀️
:regional_indicator_x:=🇽
:anger:=💢
:man_tone1:=👨🏻
:flag_ad:=🇦🇩
:dove:=🕊
:man_in_tuxedo:=🤵
:woman_judge_tone2:=👩🏼‍⚖️
:woman_cartwheeling_tone3:=🤸🏽‍♀️
:on:=🔛
:person_playing_handball_tone5:=🤾🏿
:man_getting_face_massage_tone3:=💆🏽‍♂️
:paperclips:=🖇
:flag_gf:=🇬🇫
:blond-haired_man_tone2:=👱🏼‍♂️
:point_down_tone4:=👇🏾
:woman_rowing_boat_tone3:=🚣🏽‍♀️
:woman_pouting_tone5:=🙎🏿‍♀️
:white_flower:=💮
:love_letter:=💌
:man_firefighter_tone4:=👨🏾‍🚒
:mrs_claus:=🤶
:ant:=🐜
:person_shrugging:=🤷
:race_car:=🏎
:black_small_square:=▪
:person_gesturing_no_tone5:=🙅🏿
:vulcan:=🖖
:woman_technologist_tone4:=👩🏾‍💻
:waxing_crescent_moon:=🌒
:woman_playing_handball_tone3:=🤾🏽‍♀️
:womans_clothes:=👚
:record_button:=⏺
:doughnut:=🍩
:digit_six:=6️
:woman_juggling_tone5:=🤹🏿‍♀️
:tangerine:=🍊
:u6e80:=🈵
:small_blue_diamond:=🔹
:bulb:=💡
:flag_fk:=🇫🇰
:person_frowning_tone3:=🙍🏽
:raised_hand_tone1:=✋🏻
:regional_indicator_v:=🇻
:umbrella:=☔
:person_getting_massage_tone1:=💆🏻
:family_man_girl_boy:=👨‍👧‍👦
:microphone:=🎤
:tennis:=🎾
:cloud_rain:=🌧
:person_walking_tone1:=🚶🏻
:ideograph_advantage:=🉐
:flag_eu:=🇪🇺
:mans_shoe:=👞
:flag_is:=🇮🇸
:woman_gesturing_ok_tone2:=🙆🏼‍♀️
:point_down_tone3:=👇🏽
:information_source:=ℹ
:writing_hand_tone1:=✍🏻
:euro:=💶
:flag_se:=🇸🇪
:ice_cream:=🍨
:beetle:=🐞
:leftwards_arrow_with_hook:=↩
:woman_golfing:=🏌️‍♀️
:flag_mg:=🇲🇬
:cruise_ship:=🛳
:roller_coaster:=🎢
:open_file_folder:=📂
:ship:=🚢
:snowman:=⛄
:point_up_2:=👆
:rhino:=🦏
:thumbsup_tone3:=👍🏽
:person_bowing_tone1:=🙇🏻
:person_swimming_tone3:=🏊🏽
:woman_bouncing_ball:=⛹️‍♀️
:wine_glass:=🍷
:man_in_business_suit_levitating_tone3:=🕴🏽
:man_facepalming_tone3:=🤦🏽‍♂️
:hatching_chick:=🐣
:vertical_traffic_light:=🚦
:fried_shrimp:=🍤
:man_office_worker_tone3:=👨🏽‍💼
:woman_guard_tone5:=💂🏿‍♀️
:department_store:=🏬
:woman_farmer_tone3:=👩🏽‍🌾
:man_raising_hand_tone4:=🙋🏾‍♂️
:hotdog:=🌭
:person_playing_handball:=🤾
:woman_running_tone4:=🏃🏾‍♀️
:man_cook_tone4:=👨🏾‍🍳
:flag_ar:=🇦🇷
:man_wearing_turban_tone5:=👳🏿‍♂️
:man_astronaut_tone5:=👨🏿‍🚀
:cupid:=💘
:two_men_holding_hands:=👬
:straight_ruler:=📏
:regional_indicator_f:=🇫
:girl_tone3:=👧🏽
:joy:=😂
:crab:=🦀
:u6307:=🈯
:baby_tone2:=👶🏼
:blond_haired_person_tone3:=👱🏽
:imp:=👿
:rosette:=🏵
:man_in_tuxedo_tone5:=🤵🏿
:woman_judge_tone5:=👩🏿‍⚖️
:clap_tone5:=👏🏿
:school_satchel:=🎒
:crystal_ball:=🔮
:person_frowning_tone2:=🙍🏼
:flag_uy:=🇺🇾
:flag_mk:=🇲🇰
:regional_indicator_w:=🇼
:flag_ua:=🇺🇦
:fist_tone5:=✊🏿
:nose_tone4:=👃🏾
:pick:=⛏
:traffic_light:=🚥
:clock130:=🕜
:melon:=🍈
:person_playing_handball_tone4:=🤾🏾
:frowning2:=☹
:person_wearing_turban:=👳
:person_mountain_biking:=🚵
:person_playing_handball_tone3:=🤾🏽
:stew:=🍲
:man_gesturing_no_tone4:=🙅🏾‍♂️
:telephone_receiver:=📞
:person_walking_tone4:=🚶🏾
:woman_wearing_turban:=👳‍♀️
:joystick:=🕹
:man_pouting_tone1:=🙎🏻‍♂️
:rofl:=🤣
:flag_ss:=🇸🇸
:man_wearing_turban:=👳‍♂️
:minibus:=🚐
:tent:=⛺
:last_quarter_moon_with_face:=🌜
:man_pouting_tone4:=🙎🏾‍♂️
:woman_bouncing_ball_tone5:=⛹🏿‍♀️
:hotsprings:=♨
:woman_wearing_turban_tone1:=👳🏻‍♀️
:ok_hand_tone1:=👌🏻
:flag_hk:=🇭🇰
:regional_indicator_l:=🇱
:girl_tone1:=👧🏻
:man_juggling_tone2:=🤹🏼‍♂️
:drooling_face:=🤤
:flag_gq:=🇬🇶
:woman_mountain_biking_tone5:=🚵🏿‍♀️
:woman_scientist:=👩‍🔬
:person_tipping_hand_tone1:=💁🏻
:flag_np:=🇳🇵
:woman_swimming_tone2:=🏊🏼‍♀️
:woman_gesturing_ok_tone3:=🙆🏽‍♀️
:palm_tree:=🌴
:man_guard_tone2:=💂🏼‍♂️
:woman_judge_tone3:=👩🏽‍⚖️
:person_pouting_tone1:=🙎🏻
:person_gesturing_no_tone2:=🙅🏼
:man_mountain_biking:=🚵‍♂️
:hand_splayed:=🖐
:left_facing_fist_tone4:=🤛🏾
:wind_chime:=🎐
:family_man_girl:=👨‍👧
:man_factory_worker_tone2:=👨🏼‍🏭
:flag_cr:=🇨🇷
:speaking_head:=🗣
:flag_tl:=🇹🇱
:wave_tone2:=👋🏼
:woman_bouncing_ball_tone2:=⛹🏼‍♀️
:flag_mh:=🇲🇭
:person_bowing_tone4:=🙇🏾
:five:=5️⃣
:house_with_garden:=🏡
:vulcan_tone4:=🖖🏾
:man_golfing_tone3:=🏌🏽‍♂️
:m:=Ⓜ
:flag_ph:=🇵🇭
:person_gesturing_ok:=🙆
:man_health_worker_tone5:=👨🏿‍⚕️
:punch:=👊
:person_golfing_tone2:=🏌🏼
:man_rowing_boat_tone2:=🚣🏼‍♂️
:persevere:=😣
:princess_tone4:=👸🏾
:hammer_pick:=⚒
:person_getting_massage_tone3:=💆🏽
:flag_bf:=🇧🇫
:tiger2:=🐅
:man_cartwheeling:=🤸‍♂️
:gorilla:=🦍
:ab:=🆎
:person_bouncing_ball_tone5:=⛹🏿
:pen_fountain:=🖋
:leo:=♌
:man_wearing_turban_tone1:=👳🏻‍♂️
:woman_guard_tone4:=💂🏾‍♀️
:waxing_gibbous_moon:=🌔
:star_of_david:=✡
:smiling_imp:=😈
:punch_tone1:=👊🏻
:angel_tone1:=👼🏻
:woman_raising_hand_tone3:=🙋🏽‍♀️
:helicopter:=🚁
:bear:=🐻
:woman_factory_worker_tone5:=👩🏿‍🏭
:man_technologist_tone2:=👨🏼‍💻
:level_slider:=🎚
:woman_singer:=👩‍🎤
:scream_cat:=🙀
:woman_detective_tone4:=🕵🏾‍♀️
:man_farmer_tone1:=👨🏻‍🌾
:person_facepalming:=🤦
:house_abandoned:=🏚
:pancakes:=🥞
:ear_tone3:=👂🏽
:arrow_heading_down:=⤵
:flag_tz:=🇹🇿
:woman_getting_haircut_tone5:=💇🏿‍♀️
:woman_construction_worker:=👷‍♀️
:baggage_claim:=🛄
:goal:=🥅
:princess_tone3:=👸🏽
:woman_technologist:=👩‍💻
:pregnant_woman_tone5:=🤰🏿
:woman_mechanic_tone2:=👩🏼‍🔧
:flag_ax:=🇦🇽
:flag_sx:=🇸🇽
:man_office_worker:=👨‍💼
:woman_shrugging:=🤷‍♀️
:park:=🏞
:man_lifting_weights_tone4:=🏋🏾‍♂️
:man_getting_face_massage_tone1:=💆🏻‍♂️
:seat:=💺
:blush:=😊
:pouting_cat:=😾
:woman_facepalming_tone2:=🤦🏼‍♀️
:taco:=🌮
:heavy_check_mark:=✔
:grey_exclamation:=❕
:mouse:=🐭
:kaaba:=🕋
:articulated_lorry:=🚛
:man_tipping_hand_tone5:=💁🏿‍♂️
:man_bouncing_ball_tone4:=⛹🏾‍♂️
:tumbler_glass:=🥃
:point_right_tone4:=👉🏾
:flag_zm:=🇿🇲
:flag_uz:=🇺🇿
:point_down_tone1:=👇🏻
:mega:=📣
:flag_kr:=🇰🇷
:person_biking:=🚴
:carrot:=🥕
:point_down:=👇
:hourglass_flowing_sand:=⏳
:musical_keyboard:=🎹
:person_shrugging_tone2:=🤷🏼
:person_raising_hand:=🙋
:tanabata_tree:=🎋
:woman_office_worker_tone2:=👩🏼‍💼
:green_apple:=🍏
:cactus:=🌵
:woman_astronaut_tone2:=👩🏼‍🚀
:dancer:=💃
:libra:=♎
:bowling:=🎳
:open_hands_tone4:=👐🏾
:woman_teacher_tone5:=👩🏿‍🏫
:man_bowing_tone2:=🙇🏼‍♂️
:person_pouting_tone5:=🙎🏿
:high_heel:=👠
:pineapple:=🍍
:oncoming_police_car:=🚔
:prince:=🤴
:electric_plug:=🔌
:mens:=🚹
:woman_gesturing_ok_tone1:=🙆🏻‍♀️
:man_biking_tone3:=🚴🏽‍♂️
:woman_police_officer_tone2:=👮🏼‍♀️
:european_castle:=🏰
:dizzy:=💫
:fast_forward:=⏩
:woman_walking_tone2:=🚶🏼‍♀️
:mailbox_with_no_mail:=📭
:white_sun_small_cloud:=🌤
:flag_km:=🇰🇲
:thought_balloon:=💭
:tropical_fish:=🐠
:couple_mm:=👨‍❤️‍👨
:innocent:=😇
:woman_running:=🏃‍♀️
:clock530:=🕠
:family_mwgb:=👨‍👩‍👧‍👦
:call_me:=🤙
:pill:=💊
:regional_indicator_j:=🇯
:arrow_right:=➡
:pencil:=📝
:black_joker:=🃏
:man_frowning_tone5:=🙍🏿‍♂️
:man_construction_worker_tone3:=👷🏽‍♂️
:man_walking_tone2:=🚶🏼‍♂️
:man_artist_tone4:=👨🏾‍🎨
:couple_with_heart_woman_man:=👩‍❤️‍👨
:punch_tone5:=👊🏿
:flag_bl:=🇧🇱
:fist_tone3:=✊🏽
:family_mwbb:=👨‍👩‍👦‍👦
:first_quarter_moon:=🌓
:man_swimming_tone4:=🏊🏾‍♂️
:speak_no_evil:=🙊
:family_mmb:=👨‍👨‍👦
:woman_astronaut_tone1:=👩🏻‍🚀
:man_bowing_tone5:=🙇🏿‍♂️
:eye_in_speech_bubble:=👁️‍🗨️
:man_judge_tone3:=👨🏽‍⚖️
:three:=3️⃣
:track_previous:=⏮
:large_blue_diamond:=🔷
:no_pedestrians:=🚷
:flag_vi:=🇻🇮
:woman_bowing_tone4:=🙇🏾‍♀️
:sweat_drops:=💦
:man_teacher_tone4:=👨🏾‍🏫
:blond-haired_woman_tone1:=👱🏻‍♀️
:space_invader:=👾
:flag_cv:=🇨🇻
:fist_tone2:=✊🏼
:flag_ac:=🇦🇨
:thumbsup_tone1:=👍🏻
:laughing:=😆
:medical_symbol:=⚕
:fist_tone4:=✊🏾
:man_rowing_boat:=🚣‍♂️
:woman_guard_tone3:=💂🏽‍♀️
:closed_book:=📕
:man_gesturing_no:=🙅‍♂️
:kissing_closed_eyes:=😚
:homes:=🏘
:ear_tone4:=👂🏾
:upside_down:=🙃
:scales:=⚖
:flag_sh:=🇸🇭
:newspaper2:=🗞
:oncoming_taxi:=🚖
:man_running:=🏃‍♂️
:blond_haired_person_tone5:=👱🏿
:beers:=🍻
:person_gesturing_ok_tone2:=🙆🏼
:sweat_smile:=😅
:call_me_tone1:=🤙🏻
:v:=✌
:camera_with_flash:=📸
:wave_tone4:=👋🏾
:two_women_holding_hands:=👭
:sheep:=🐑
:family_wwbb:=👩‍👩‍👦‍👦
:man_gesturing_ok:=🙆‍♂️
:apple:=🍎
:pregnant_woman:=🤰
:mailbox_with_mail:=📬
:cow:=🐮
:popcorn:=🍿
:koko:=🈁
:nose_tone2:=👃🏼
:gun:=🔫
:u7a7a:=🈳
:older_woman_tone4:=👵🏾
:skull:=💀
:pager:=📟
:bee:=🐝
:snowflake:=❄
:motor_scooter:=🛵
:flag_bh:=🇧🇭
:person_shrugging_tone1:=🤷🏻
:thumbsdown_tone4:=👎🏾
:rage:=😡
:person_rowing_boat_tone3:=🚣🏽
:woman_running_tone5:=🏃🏿‍♀️
:fox:=🦊
:flag_lv:=🇱🇻
:person_biking_tone1:=🚴🏻
:woman_mechanic_tone3:=👩🏽‍🔧
:kiss_mm:=👨‍❤️‍💋‍👨
:new_moon_with_face:=🌚
:vhs:=📼
:place_of_worship:=🛐
:man_teacher_tone1:=👨🏻‍🏫
:blue_book:=📘
:flag_gu:=🇬🇺
:arrow_lower_left:=↙
:clock2:=🕑
:ballot_box_with_check:=☑
:potato:=🥔
:man_health_worker:=👨‍⚕️
:person_gesturing_ok_tone1:=🙆🏻
:person_bouncing_ball_tone4:=⛹🏾
:woman_juggling_tone1:=🤹🏻‍♀️
:writing_hand_tone2:=✍🏼
:woman:=👩
:meat_on_bone:=🍖
:sagittarius:=♐
:flag_gy:=🇬🇾
:woman_golfing_tone3:=🏌🏽‍♀️
:man_cartwheeling_tone4:=🤸🏾‍♂️
:dolphin:=🐬
:shrimp:=🦐
:man_getting_face_massage_tone5:=💆🏿‍♂️
:kissing:=😗
:football:=🏈
:flag_vu:=🇻🇺
:balloon:=🎈
:woman_scientist_tone1:=👩🏻‍🔬
:male_sign:=♂
:woman_technologist_tone1:=👩🏻‍💻
:honey_pot:=🍯
:man_playing_handball_tone3:=🤾🏽‍♂️
:ox:=🐂
:snowboarder_tone5:=🏂🏿
:woman_judge:=👩‍⚖️
:woman_singer_tone2:=👩🏼‍🎤
:telescope:=🔭
:flag_tg:=🇹🇬
:woman_factory_worker_tone1:=👩🏻‍🏭
:woman_playing_handball_tone2:=🤾🏼‍♀️
:pizza:=🍕
:person_wearing_turban_tone4:=👳🏾
:eyeglasses:=👓
:family_mmgb:=👨‍👨‍👧‍👦
:man_swimming_tone5:=🏊🏿‍♂️
:family_woman_girl:=👩‍👧
:closed_lock_with_key:=🔐
:right_facing_fist:=🤜
:person_pouting_tone3:=🙎🏽
:older_woman:=👵
:woman_playing_water_polo_tone1:=🤽🏻‍♀️
:raised_hand_tone3:=✋🏽
:nose_tone5:=👃🏿
:man_health_worker_tone4:=👨🏾‍⚕️
:flag_li:=🇱🇮
:curly_loop:=➰
:angel_tone2:=👼🏼
:fleur-de-lis:=⚜
:flag_io:=🇮🇴
:woman_mechanic:=👩‍🔧
:musical_note:=🎵
:notes:=🎶
:congratulations:=㊗
:cl:=🆑
:video_camera:=📹
:performing_arts:=🎭
:keyboard:=⌨
:arrows_counterclockwise:=🔄
:dancer_tone3:=💃🏽
:tone4:=🏾
:1234:=🔢
:woman_shrugging_tone2:=🤷🏼‍♀️
:tiger:=🐯
:person_playing_water_polo_tone2:=🤽🏼
:bellhop:=🛎
:aquarius:=♒
:person_shrugging_tone5:=🤷🏿
:man_mechanic_tone2:=👨🏼‍🔧
:man_playing_handball_tone1:=🤾🏻‍♂️
:woman_bowing_tone5:=🙇🏿‍♀️
:nose:=👃
:flag_dg:=🇩🇬
:penguin:=🐧
:flag_ke:=🇰🇪
:flag_er:=🇪🇷
:man_wearing_turban_tone2:=👳🏼‍♂️
:flag_ne:=🇳🇪
:bath_tone1:=🛀🏻
:mountain_snow:=🏔
:desert:=🏜
:flag_br:=🇧🇷
:flag_gp:=🇬🇵
:people_wrestling:=🤼
:kiss:=💋
:middle_finger_tone2:=🖕🏼
:man_scientist_tone3:=👨🏽‍🔬
:woman_construction_worker_tone4:=👷🏾‍♀️
:man_bowing:=🙇‍♂️
:man_astronaut_tone3:=👨🏽‍🚀
:volleyball:=🏐
:person_mountain_biking_tone4:=🚵🏾
:kiwi:=🥝
:chipmunk:=🐿
:man_tone4:=👨🏾
:stuck_out_tongue_closed_eyes:=😝
:crying_cat_face:=😿
:dizzy_face:=😵
:clown:=🤡
:woman_biking_tone4:=🚴🏾‍♀️
:construction_worker_tone2:=👷🏼
:person_getting_haircut_tone3:=💇🏽
:man_surfing_tone2:=🏄🏼‍♂️
:raised_hands_tone3:=🙌🏽
:man_golfing_tone4:=🏌🏾‍♂️
:croissant:=🥐
:airplane:=✈
:volcano:=🌋
:person_playing_water_polo_tone1:=🤽🏻
:woman_health_worker:=👩‍⚕️
:horse_racing_tone2:=🏇🏼
:chicken:=🐔
:woman_wearing_turban_tone2:=👳🏼‍♀️
:arrows_clockwise:=🔃
:octopus:=🐙
:frame_photo:=🖼
:woman_mechanic_tone1:=👩🏻‍🔧
:arrow_lower_right:=↘
:heart_eyes:=😍
:loudspeaker:=📢
:handbag:=👜
:school:=🏫
:flag_rs:=🇷🇸
:writing_hand_tone3:=✍🏽
:santa_tone4:=🎅🏾
:man_getting_haircut_tone1:=💇🏻‍♂️
:airplane_arriving:=🛬
:white_small_square:=▫
:woman_detective_tone2:=🕵🏼‍♀️
:arrow_heading_up:=⤴
:flag_bw:=🇧🇼
:clock630:=🕡
:man_factory_worker_tone3:=👨🏽‍🏭
:point_left:=👈
:police_officer_tone1:=👮🏻
:pregnant_woman_tone4:=🤰🏾
:man_mountain_biking_tone1:=🚵🏻‍♂️
:bath_tone4:=🛀🏾
:cat2:=🐈
:tulip:=🌷
:blond-haired_woman:=👱‍♀️
:dart:=🎯
:woman_gesturing_no_tone5:=🙅🏿‍♀️
:ocean:=🌊
:knife:=🔪
:vulcan_tone3:=🖖🏽
:headphones:=🎧
:flag_bd:=🇧🇩
:woman_getting_face_massage_tone4:=💆🏾‍♀️
:woman_judge_tone4:=👩🏾‍⚖️
:person_golfing:=🏌
:kissing_heart:=😘
:point_left_tone4:=👈🏾
:boom:=💥
:barber:=💈
:monorail:=🚝
:man_gesturing_ok_tone5:=🙆🏿‍♂️
:woman_tone5:=👩🏿
:crayon:=🖍
:u6709:=🈶
:wilted_rose:=🥀
:rabbit2:=🐇
:point_right:=👉
:shell:=🐚
:flag_tn:=🇹🇳
:man_artist:=👨‍🎨
:bride_with_veil_tone5:=👰🏿
:flag_white:=🏳
:orthodox_cross:=☦
:flag_aq:=🇦🇶
:dango:=🍡
:person_walking:=🚶
:flag_py:=🇵🇾
:person_gesturing_ok_tone3:=🙆🏽
:mrs_claus_tone5:=🤶🏿
:flag_ug:=🇺🇬
:woman_police_officer_tone5:=👮🏿‍♀️
:woman_pilot_tone2:=👩🏼‍✈️
:blond-haired_woman_tone3:=👱🏽‍♀️
:cat:=🐱
:capricorn:=♑
